[html.ditsolution.net/buddy/index.html]
[backblue.gif]
[fade.gif]
[index.html]
[html.ditsolution.net/buddy/assets/images/fav-icon/icon.png]
[html.ditsolution.net/buddy/assets/css/bootstrap.min.css]
[html.ditsolution.net/buddy/assets/css/owl.carousel.min.css]
[html.ditsolution.net/buddy/assets/css/animate.css]
[html.ditsolution.net/buddy/assets/css/animated-text.css]
[html.ditsolution.net/buddy/assets/css/all.min.css]
[html.ditsolution.net/buddy/assets/css/theme-default.css]
[html.ditsolution.net/buddy/assets/css/meanmenu.min.css]
[html.ditsolution.net/buddy/assets/css/owl.transitions.css]
[html.ditsolution.net/buddy/venobox/venobox.css]
[html.ditsolution.net/buddy/assets/css/bootstrap-icons.css]
[html.ditsolution.net/buddy/assets/css/flaticon.css]
[html.ditsolution.net/buddy/assets/css/style.css]
[html.ditsolution.net/buddy/assets/css/responsive.css]
[html.ditsolution.net/buddy/assets/css/coustom-animation.css]
[html.ditsolution.net/buddy/assets/css/odometer-theme-default.css]
[html.ditsolution.net/buddy/assets/css/scroll-up.css]
[html.ditsolution.net/buddy/assets/js/vendor/modernizr-3.5.0.min.js]
[html.ditsolution.net/buddy/index-2.html]
[html.ditsolution.net/buddy/assets/images/logo.png]
[html.ditsolution.net/buddy/index-3.html]
[html.ditsolution.net/buddy/index-4.html]
[html.ditsolution.net/buddy/service.html]
[html.ditsolution.net/buddy/service-details.html]
[html.ditsolution.net/buddy/about.html]
[html.ditsolution.net/buddy/team.html]
[html.ditsolution.net/buddy/history.html]
[html.ditsolution.net/buddy/pricing.html]
[html.ditsolution.net/buddy/faq.html]
[html.ditsolution.net/buddy/404.html]
[html.ditsolution.net/buddy/contact.html]
[html.ditsolution.net/buddy/portfolio.html]
[html.ditsolution.net/buddy/portfolio-details.html]
[html.ditsolution.net/buddy/shop.html]
[html.ditsolution.net/buddy/shop-details.html]
[html.ditsolution.net/buddy/blog-grid.html]
[html.ditsolution.net/buddy/blog-details.html]
[html.ditsolution.net/buddy/assets/images/home_one/shape.png]
[html.ditsolution.net/buddy/assets/images/logo2.png]
[html.ditsolution.net/buddy/assets/images/inner-img/team4.png]
[html.ditsolution.net/buddy/assets/images/inner-img/team1.png]
[html.ditsolution.net/buddy/assets/images/inner-img/team3.png]
[html.ditsolution.net/buddy/assets/images/inner-img/team2.png]
[html.ditsolution.net/buddy/assets/images/inner-img/galary1.png]
[html.ditsolution.net/buddy/assets/images/inner-img/galary2.png]
[html.ditsolution.net/buddy/assets/images/inner-img/galary3.png]
[html.ditsolution.net/buddy/assets/images/inner-img/galary4.png]
[html.ditsolution.net/buddy/cart.html]
[html.ditsolution.net/buddy/checkout.html]
[html.ditsolution.net/buddy/assets/images/home_one/auothor1.png]
[html.ditsolution.net/buddy/assets/images/home_one/auothor2.png]
[html.ditsolution.net/buddy/assets/images/home_one/auothor3.png]
[html.ditsolution.net/buddy/assets/images/home_one/auothor4.png]
[html.ditsolution.net/buddy/assets/images/home_one/feature-icon01.png]
[html.ditsolution.net/buddy/assets/images/home_one/feature-icon02.png]
[html.ditsolution.net/buddy/assets/images/home_one/feature-icon04.png]
[html.ditsolution.net/buddy/assets/images/home_one/feature-icon03.png]
[html.ditsolution.net/buddy/assets/images/home_one/About-img.png]
[html.ditsolution.net/buddy/assets/images/home_one/egg.png]
[html.ditsolution.net/buddy/assets/images/home_one/service01.png]
[html.ditsolution.net/buddy/assets/images/home_one/service02.png]
[html.ditsolution.net/buddy/assets/images/home_one/service03.png]
[html.ditsolution.net/buddy/assets/images/home_one/business_icon1.png]
[html.ditsolution.net/buddy/assets/images/home_one/business_icon2.png]
[html.ditsolution.net/buddy/assets/images/home_one/business_icon3.png]
[html.ditsolution.net/buddy/assets/images/home_one/chicken2.png]
[html.ditsolution.net/buddy/assets/images/home_one/business_icon4.png]
[html.ditsolution.net/buddy/assets/images/home_one/business_icon5.png]
[html.ditsolution.net/buddy/assets/images/home_one/business_icon6.png]
[html.ditsolution.net/buddy/assets/images/home_one/case1.png]
[html.ditsolution.net/buddy/assets/images/home_one/case2.png]
[html.ditsolution.net/buddy/assets/images/home_one/case3.png]
[html.ditsolution.net/buddy/assets/images/home_one/case4.png]
[html.ditsolution.net/buddy/assets/images/home_one/testi_aouthor1.png]
[html.ditsolution.net/buddy/assets/images/home_one/testi_arrow.png]
[html.ditsolution.net/buddy/assets/images/home_one/testi_aouthor2.png]
[html.ditsolution.net/buddy/assets/images/home_one/testi_aouthor3.png]
[html.ditsolution.net/buddy/assets/images/home_one/brand1.png]
[html.ditsolution.net/buddy/assets/images/home_one/brand2.png]
[html.ditsolution.net/buddy/assets/images/home_one/brand3.png]
[html.ditsolution.net/buddy/assets/images/home_one/brand4.png]
[html.ditsolution.net/buddy/assets/images/home_one/blog1.png]
[html.ditsolution.net/buddy/assets/images/home_one/blog2.png]
[html.ditsolution.net/buddy/assets/images/home_one/blog3.png]
[html.ditsolution.net/buddy/assets/js/vendor/jquery-3.6.2.min.js]
[html.ditsolution.net/buddy/assets/js/popper.min.js]
[html.ditsolution.net/buddy/assets/js/bootstrap.min.js]
[html.ditsolution.net/buddy/assets/js/owl.carousel.min.js]
[html.ditsolution.net/buddy/assets/js/jquery.counterup.min.js]
[html.ditsolution.net/buddy/assets/js/waypoints.min.js]
[html.ditsolution.net/buddy/assets/js/wow.js]
[html.ditsolution.net/buddy/assets/js/imagesloaded.pkgd.min.js]
[html.ditsolution.net/buddy/venobox/venobox.js]
[html.ditsolution.net/buddy/assets/js/animated-text.js]
[html.ditsolution.net/buddy/venobox/venobox.min.js]
[html.ditsolution.net/buddy/assets/js/isotope.pkgd.min.js]
[html.ditsolution.net/buddy/assets/js/jquery.meanmenu.js]
[html.ditsolution.net/buddy/assets/js/jquery.scrollUp.js]
[html.ditsolution.net/buddy/assets/js/jquery.barfiller.js]
[html.ditsolution.net/buddy/assets/js/theme.js]
[html.ditsolution.net/buddy/index.html]
[html.ditsolution.net/buddy/index-2.html]
[html.ditsolution.net/buddy/assets/images/home_two/icon.png]
[html.ditsolution.net/buddy/assets/images/home_two/banner_icon1.png]
[html.ditsolution.net/buddy/assets/images/home_two/about_thumb.png]
[html.ditsolution.net/buddy/assets/images/home_two/about_shape.png]
[html.ditsolution.net/buddy/assets/images/home_two/shape.png]
[html.ditsolution.net/buddy/assets/images/home_two/service_icon1.png]
[html.ditsolution.net/buddy/assets/images/home_two/service_icon2.png]
[html.ditsolution.net/buddy/assets/images/home_two/service_icon3.png]
[html.ditsolution.net/buddy/assets/images/home_two/faq_img.png]
[html.ditsolution.net/buddy/assets/images/home_two/team1.png]
[html.ditsolution.net/buddy/assets/images/home_two/team2.png]
[html.ditsolution.net/buddy/assets/images/home_two/team3.png]
[html.ditsolution.net/buddy/assets/images/home_two/team4.png]
[html.ditsolution.net/buddy/assets/images/home_two/marquee_star.png]
[html.ditsolution.net/buddy/assets/images/home_two/aouthor1.png]
[html.ditsolution.net/buddy/assets/images/home_two/aouthor3.png]
[html.ditsolution.net/buddy/assets/images/home_two/aouthor2.png]
[html.ditsolution.net/buddy/assets/images/home_two/blog1.png]
[html.ditsolution.net/buddy/assets/images/home_two/blog2.png]
[html.ditsolution.net/buddy/index-3.html]
[html.ditsolution.net/buddy/assets/images/home_two/blog3.png]
[html.ditsolution.net/buddy/assets/images/home_3/logo2.png]
[html.ditsolution.net/buddy/assets/images/home_3/call.png]
[html.ditsolution.net/buddy/assets/images/home_3/slid_banner1.png]
[html.ditsolution.net/buddy/assets/images/home_3/slid_banner2.png]
[html.ditsolution.net/buddy/assets/images/home_3/slid_banner3.png]
[html.ditsolution.net/buddy/assets/images/home_3/star-icon.png]
[html.ditsolution.net/buddy/assets/images/home_3/about1.png]
[html.ditsolution.net/buddy/assets/images/home_3/about2.png]
[html.ditsolution.net/buddy/assets/images/home_3/case1.png]
[html.ditsolution.net/buddy/assets/images/home_3/case2.png]
[html.ditsolution.net/buddy/assets/images/home_3/case3.png]
[html.ditsolution.net/buddy/assets/images/home_3/case4.png]
[html.ditsolution.net/buddy/assets/images/home_3/chicken1.png]
[html.ditsolution.net/buddy/assets/images/home_3/chicken2.png]
[html.ditsolution.net/buddy/assets/images/home_3/chicken3.png]
[html.ditsolution.net/buddy/assets/images/home_3/chicken4.png]
[html.ditsolution.net/buddy/assets/images/home_3/about_thumb1.png]
[html.ditsolution.net/buddy/assets/images/home_3/contact_chickn.png]
[html.ditsolution.net/buddy/assets/images/home_3/logo.png]
[html.ditsolution.net/buddy/assets/js/swiper-bundle.js]
[html.ditsolution.net/buddy/index-4.html]
[html.ditsolution.net/buddy/service.html]
[html.ditsolution.net/buddy/protfolio-details.html]
[html.ditsolution.net/buddy/service-details.html]
[html.ditsolution.net/buddy/assets/images/inner-img/blg-dtls1.png]
[html.ditsolution.net/buddy/assets/images/inner-img/about_thumb.png]
[html.ditsolution.net/buddy/about.html]
[html.ditsolution.net/buddy/team.html]
[html.ditsolution.net/buddy/assets/images/inner-img/about2.png]
[html.ditsolution.net/buddy/assets/images/inner-img/history1.png]
[html.ditsolution.net/buddy/history.html]
[html.ditsolution.net/buddy/assets/images/inner-img/history2.png]
[html.ditsolution.net/buddy/assets/images/inner-img/brand1.png]
[html.ditsolution.net/buddy/assets/images/inner-img/brand2.png]
[html.ditsolution.net/buddy/assets/images/inner-img/brand3.png]
[html.ditsolution.net/buddy/assets/images/inner-img/brand4.png]
[html.ditsolution.net/buddy/assets/images/inner-img/brand5.png]
[html.ditsolution.net/buddy/pricing.html]
[html.ditsolution.net/buddy/faq.html]
[html.ditsolution.net/buddy/404.html]
[html.ditsolution.net/buddy/contact.html]
[html.ditsolution.net/buddy/assets/images/inner-img/blog1.png]
[html.ditsolution.net/buddy/assets/images/inner-img/blog2.png]
[html.ditsolution.net/buddy/assets/images/inner-img/blog3.png]
[html.ditsolution.net/buddy/assets/images/inner-img/blog4.png]
[html.ditsolution.net/buddy/portfolio.html]
[html.ditsolution.net/buddy/assets/images/inner-img/blog5.png]
[html.ditsolution.net/buddy/portfolio-details.html]
[html.ditsolution.net/buddy/assets/images/home_3/chicken5.png]
[html.ditsolution.net/buddy/assets/images/home_3/chicken6.png]
[html.ditsolution.net/buddy/assets/images/home_3/chicken7.png]
[html.ditsolution.net/buddy/shop.html]
[html.ditsolution.net/buddy/assets/images/home_3/chicken8.png]
[html.ditsolution.net/buddy/assets/images/inner-img/tabs1.png]
[html.ditsolution.net/buddy/assets/images/inner-img/tabs3.png]
[html.ditsolution.net/buddy/assets/images/inner-img/tabs2.png]
[html.ditsolution.net/buddy/assets/images/inner-img/tab1.png]
[html.ditsolution.net/buddy/assets/images/inner-img/tab3.png]
[html.ditsolution.net/buddy/assets/images/inner-img/tab2.png]
[html.ditsolution.net/buddy/assets/images/inner-img/aouthor.png]
[html.ditsolution.net/buddy/c]
[html.ditsolution.net/buddy/shop-details.html]
[html.ditsolution.net/buddy/assets/images/inner-img/testi_author1.png]
[html.ditsolution.net/buddy/assets/images/inner-img/testi_author2.png]
[html.ditsolution.net/buddy/assets/images/inner-img/testi_author3.png]
[html.ditsolution.net/buddy/blog-grid.html]
[html.ditsolution.net/buddy/assets/images/inner-img/testi_author4.png]
[html.ditsolution.net/buddy/assets/images/inner-img/comment1.png]
[html.ditsolution.net/buddy/assets/images/inner-img/footer_1.png]
[html.ditsolution.net/buddy/assets/images/inner-img/footer_2.png]
[html.ditsolution.net/buddy/assets/images/inner-img/glry1.png]
[html.ditsolution.net/buddy/assets/images/inner-img/glry2.png]
[html.ditsolution.net/buddy/assets/images/inner-img/glry3.png]
[html.ditsolution.net/buddy/blog-details.html]
[html.ditsolution.net/buddy/cart.html]
[html.ditsolution.net/buddy/checkout.html]
[html.ditsolution.net/buddy/protfolio-details.html]
[html.ditsolution.net/buddy/c.html]
[html.ditsolution.net/buddy/assets/images/inner-img/team3.png]
[html.ditsolution.net/buddy/assets/images/inner-img/team2.png]
[html.ditsolution.net/buddy/assets/images/home_one/auothor1.png]
[html.ditsolution.net/buddy/assets/css/bootstrap.min.css]
[html.ditsolution.net/buddy/assets/images/home_one/auothor2.png]
[html.ditsolution.net/buddy/assets/images/inner-img/team4.png]
[html.ditsolution.net/buddy/assets/images/inner-img/team1.png]
[html.ditsolution.net/buddy/assets/images/home_one/auothor3.png]
[html.ditsolution.net/buddy/assets/css/owl.video.play.b2.delayed]
[html.ditsolution.net/buddy/assets/css/owl.carousel.min.css]
[html.ditsolution.net/buddy/assets/images/home_one/auothor4.png]
[html.ditsolution.net/buddy/assets/css/animate.css]
[html.ditsolution.net/buddy/assets/images/home_one/service01.png]
[html.ditsolution.net/buddy/assets/css/animated-text.css]
[html.ditsolution.net/buddy/assets/images/home_one/service03.png]
[html.ditsolution.net/buddy/assets/images/home_one/egg.png]
[html.ditsolution.net/buddy/assets/images/home_one/business_icon2.png]
[html.ditsolution.net/buddy/assets/webfonts/fa-brands-400.woff2]
[html.ditsolution.net/buddy/assets/images/home_one/business_icon3.png]
[html.ditsolution.net/buddy/assets/images/home_one/business_icon5.png]
[html.ditsolution.net/buddy/assets/images/home_one/chicken2.png]
[html.ditsolution.net/buddy/assets/images/home_one/business_icon6.png]
[html.ditsolution.net/buddy/assets/images/home_one/case1.png]
[html.ditsolution.net/buddy/assets/webfonts/fa-brands-400.ttf]
[html.ditsolution.net/buddy/assets/images/home_one/case2.png]
[html.ditsolution.net/buddy/assets/webfonts/fa-regular-400.woff2]
[html.ditsolution.net/buddy/assets/webfonts/fa-regular-400.ttf]
[html.ditsolution.net/buddy/assets/webfonts/fa-solid-900.woff2]
[html.ditsolution.net/buddy/assets/images/home_one/case4.png]
[html.ditsolution.net/buddy/assets/images/home_one/case3.png]
[html.ditsolution.net/buddy/assets/images/home_one/brand2.png]
[html.ditsolution.net/buddy/assets/images/home_one/brand3.png]
[html.ditsolution.net/buddy/assets/images/home_one/brand4.png]
[html.ditsolution.net/buddy/assets/images/home_one/blog1.png]
[html.ditsolution.net/buddy/assets/images/home_one/blog2.png]
[html.ditsolution.net/buddy/assets/webfonts/fa-solid-900.ttf]
[html.ditsolution.net/buddy/assets/webfonts/fa-v4compatibility.woff2]
[html.ditsolution.net/buddy/assets/images/home_one/blog3.png]
[html.ditsolution.net/buddy/assets/images/home_two/about_thumb.png]
[html.ditsolution.net/buddy/assets/images/home_two/about_shape.png]
[html.ditsolution.net/buddy/assets/webfonts/fa-v4compatibility.ba.delayed]
[html.ditsolution.net/buddy/assets/css/all.min.css]
[html.ditsolution.net/buddy/assets/images/home_two/shape.png]
[html.ditsolution.net/buddy/assets/images/home_two/team1.png]
[html.ditsolution.net/buddy/assets/css/theme-default.css]
[html.ditsolution.net/buddy/assets/images/home_two/team2.png]
[html.ditsolution.net/buddy/assets/css/meanmenu.min.css]
[html.ditsolution.net/buddy/assets/images/home_two/team3.png]
[html.ditsolution.net/buddy/assets/css/owl.transitions.css]
[html.ditsolution.net/buddy/assets/images/home_two/team4.png]
[html.ditsolution.net/buddy/assets/images/home_two/blog1.png]
[html.ditsolution.net/buddy/assets/images/home_two/faq_img.png]
[html.ditsolution.net/buddy/venobox/preload-circle.png]
[html.ditsolution.net/buddy/assets/images/home_two/blog2.png]
[html.ditsolution.net/buddy/venobox/close.gif]
[html.ditsolution.net/buddy/venobox/prev.gif]
[html.ditsolution.net/buddy/assets/images/home_3/slid_banner1.png]
[html.ditsolution.net/buddy/venobox/next.gif]
[html.ditsolution.net/buddy/venobox/venobox.css]
[html.ditsolution.net/buddy/assets/images/home_3/slid_banner3.png]
[html.ditsolution.net/buddy/assets/images/home_3/star-icon.png]
[html.ditsolution.net/buddy/assets/images/home_3/slid_banner2.png]
[html.ditsolution.net/buddy/assets/css/fonts/bootstrap-iconsd862.woff2]
[html.ditsolution.net/buddy/assets/images/home_3/about1.png]
[html.ditsolution.net/buddy/assets/images/home_3/about2.png]
[html.ditsolution.net/buddy/assets/css/fonts/bootstrap-iconsd862.woff]
[html.ditsolution.net/buddy/assets/css/bootstrap-icons.css]
[html.ditsolution.net/buddy/assets/images/home_3/case1.png]
[html.ditsolution.net/buddy/assets/images/home_3/about_thumb1.png]
[html.ditsolution.net/buddy/assets/images/home_3/contact_chickn.png]
[html.ditsolution.net/buddy/assets/fonts/Flaticon.eot]
[html.ditsolution.net/buddy/assets/images/inner-img/blg-dtls1.png]
[html.ditsolution.net/buddy/assets/images/inner-img/about_thumb.png]
[html.ditsolution.net/buddy/assets/fonts/Flaticond41d.c2d41d.delayed]
[html.ditsolution.net/buddy/assets/images/inner-img/about2.png]
[html.ditsolution.net/buddy/assets/images/inner-img/history1.png]
[html.ditsolution.net/buddy/assets/images/home_3/logo.png]
[html.ditsolution.net/buddy/assets/images/inner-img/history2.png]
[html.ditsolution.net/buddy/assets/fonts/Flaticon.woff2]
[html.ditsolution.net/buddy/assets/fonts/Flaticon.woff]
[html.ditsolution.net/buddy/assets/images/inner-img/blog3.png]
[html.ditsolution.net/buddy/assets/images/inner-img/blog4.png]
[html.ditsolution.net/buddy/assets/images/inner-img/blog5.png]
[html.ditsolution.net/buddy/assets/images/home_3/chicken7.png]
[html.ditsolution.net/buddy/assets/images/home_3/chicken8.png]
[html.ditsolution.net/buddy/assets/fonts/Flaticon.ttf]
[html.ditsolution.net/buddy/assets/images/inner-img/tabs1.png]
[html.ditsolution.net/buddy/assets/images/inner-img/tabs3.png]
[html.ditsolution.net/buddy/assets/css/flaticon.css]
[html.ditsolution.net/buddy/assets/fonts/Flaticon.svg]
[html.ditsolution.net/buddy/assets/images/inner-img/tabs2.png]
[html.ditsolution.net/buddy/assets/images/home_one/banner.png]
[html.ditsolution.net/buddy/assets/images/inner-img/aouthor.png]
[html.ditsolution.net/buddy/assets/images/inner-img/testi_author2.png]
[html.ditsolution.net/buddy/assets/images/inner-img/testi_author4.png]
[html.ditsolution.net/buddy/assets/images/home_one/chicken.png]
[html.ditsolution.net/buddy/assets/images/inner-img/testi_author3.png]
[html.ditsolution.net/buddy/assets/images/home_one/ser_shap.png]
[html.ditsolution.net/buddy/assets/images/inner-img/footer_2.png]
[html.ditsolution.net/buddy/assets/images/home_one/testi.png]
[html.ditsolution.net/buddy/assets/images/inner-img/glry1.png]
[html.ditsolution.net/buddy/assets/images/inner-img/glry2.png]
[html.ditsolution.net/buddy/assets/images/inner-img/glry3.png]
[html.ditsolution.net/buddy/assets/images/home_one/work_bg.png]
[html.ditsolution.net/buddy/assets/webfonts/fa-brands-400.ttf]
[html.ditsolution.net/buddy/assets/webfonts/fa-brands-400.woff2]
[html.ditsolution.net/buddy/assets/images/home_two/banner.png]
[html.ditsolution.net/buddy/assets/webfonts/fa-regular-400.woff2]
[html.ditsolution.net/buddy/assets/webfonts/fa-regular-400.ttf]
[html.ditsolution.net/buddy/assets/images/home_two/rotate.png]
[html.ditsolution.net/buddy/assets/images/home_two/team_bg.png]
[html.ditsolution.net/buddy/assets/webfonts/fa-solid-900.ttf]
[html.ditsolution.net/buddy/venobox/preload-circle.png]
[html.ditsolution.net/buddy/assets/images/home_two/footer_bg.png]
[html.ditsolution.net/buddy/venobox/close.gif]
[html.ditsolution.net/buddy/venobox/prev.gif]
[html.ditsolution.net/buddy/assets/css/fonts/bootstrap-iconsd862.woff2]
[html.ditsolution.net/buddy/assets/css/fonts/bootstrap-iconsd862.woff]
[html.ditsolution.net/buddy/assets/fonts/Flaticon.eot]
[html.ditsolution.net/buddy/assets/images/home_3/logo_shape.png]
[html.ditsolution.net/buddy/assets/fonts/Flaticon.woff2]
[html.ditsolution.net/buddy/assets/fonts/Flaticon.ttf]
[html.ditsolution.net/buddy/assets/images/home_one/banner.png]
[html.ditsolution.net/buddy/assets/images/home_one/chicken.png]
[html.ditsolution.net/buddy/assets/images/home_one/ser_shap.png]
[html.ditsolution.net/buddy/assets/images/home_one/work_bg.png]
[html.ditsolution.net/buddy/assets/images/home_two/rotate.png]
[html.ditsolution.net/buddy/assets/images/home_3/sub_icon.png]
[html.ditsolution.net/buddy/assets/images/home_two/team_bg.png]
[html.ditsolution.net/buddy/assets/images/home_two/banner.png]
[html.ditsolution.net/buddy/assets/images/home_3/vedio_bg.png]
[html.ditsolution.net/buddy/assets/images/home_two/footer_bg.png]
[html.ditsolution.net/buddy/assets/images/home_3/sub_icon.png]
[html.ditsolution.net/buddy/assets/images/home_3/subscrib_bg.png]
[html.ditsolution.net/buddy/assets/images/inner-img/breadcrumb_bg.png]
[html.ditsolution.net/buddy/assets/css/style.css]
[html.ditsolution.net/buddy/assets/css/responsive.css]
[html.ditsolution.net/buddy/assets/css/coustom-animation.css]
[html.ditsolution.net/buddy/assets/css/odometer-theme-default.css]
[html.ditsolution.net/buddy/assets/css/scroll-up.css]
[html.ditsolution.net/buddy/assets/js/vendor/modernizr-3.5.0.min.js]
[html.ditsolution.net/buddy/assets/js/vendor/jquery-3.6.2.min.js]
[html.ditsolution.net/buddy/assets/js/popper.min.js]
[html.ditsolution.net/buddy/assets/js/bootstrap.min.js]
[html.ditsolution.net/buddy/assets/js/owl.carousel.min.js]
[html.ditsolution.net/buddy/assets/js/jquery.counterup.min.js]
[html.ditsolution.net/buddy/assets/js/waypoints.min.js]
[html.ditsolution.net/buddy/assets/js/wow.js]
[html.ditsolution.net/buddy/assets/js/imagesloaded.pkgd.min.js]
[html.ditsolution.net/buddy/venobox/venobox.js]
[html.ditsolution.net/buddy/assets/js/animated-text.js]
[html.ditsolution.net/buddy/venobox/venobox.min.js]
[html.ditsolution.net/buddy/assets/js/isotope.pkgd.min.js]
[html.ditsolution.net/buddy/assets/js/jquery.meanmenu.js]
[html.ditsolution.net/buddy/assets/js/jquery.scrollUp.js]
[html.ditsolution.net/buddy/assets/js/jquery.barfiller.js]
[html.ditsolution.net/buddy/assets/js/theme.js]
[html.ditsolution.net/buddy/assets/images/inner-img/about_shape.png]
[html.ditsolution.net/buddy/e]
[html.ditsolution.net/buddy/t.params.url]
[html.ditsolution.net/buddy/assets/js/swiper-bundle.js]
[html.ditsolution.net/buddy/Version/index.html]
[html.ditsolution.net/buddy/c.html]
[html.ditsolution.net/buddy/assets/css/owl.video.play.html]
[html.ditsolution.net/buddy/assets/webfonts/fa-v4compatibility.html]
[html.ditsolution.net/buddy/assets/webfonts/fa-v4compatibility-2.html]
[html.ditsolution.net/buddy/assets/fonts/Flaticond41dd41d.html]
[html.ditsolution.net/buddy/assets/fonts/Flaticon.svg]
[html.ditsolution.net/buddy/Version/index.html]
[html.ditsolution.net/buddy/e.html]
[html.ditsolution.net/buddy/t.params.html]
